// Jest Snapshot v1, https://goo.gl/fbAQLP

exports[`CourseTaskContainer should match snapshot 1`] = `
ShallowWrapper {
  "length": 1,
  Symbol(enzyme.__root__): [Circular],
  Symbol(enzyme.__unrendered__): <CourseTaskContainer />,
  Symbol(enzyme.__renderer__): Object {
    "batchedUpdates": [Function],
    "getNode": [Function],
    "render": [Function],
    "simulateEvent": [Function],
    "unmount": [Function],
  },
  Symbol(enzyme.__node__): Object {
    "instance": null,
    "key": undefined,
    "nodeType": "host",
    "props": Object {
      "children": <sortableList
        axis="y"
        deleteTask={undefined}
        distance={0}
        getHelperDimensions={[Function]}
        hideSortableGhost={true}
        lockOffset="50%"
        lockToContainerEdges={false}
        onSortEnd={[Function]}
        pressDelay={0}
        pressThreshold={5}
        shouldCancelStart={[Function]}
        tasks={undefined}
        transitionDuration={300}
        useWindowAsScrollContainer={false}
/>,
      "className": "tasksArea",
    },
    "ref": null,
    "rendered": Object {
      "instance": null,
      "key": undefined,
      "nodeType": "class",
      "props": Object {
        "axis": "y",
        "deleteTask": undefined,
        "distance": 0,
        "getHelperDimensions": [Function],
        "hideSortableGhost": true,
        "lockOffset": "50%",
        "lockToContainerEdges": false,
        "onSortEnd": [Function],
        "pressDelay": 0,
        "pressThreshold": 5,
        "shouldCancelStart": [Function],
        "tasks": undefined,
        "transitionDuration": 300,
        "useWindowAsScrollContainer": false,
      },
      "ref": null,
      "rendered": null,
      "type": [Function],
    },
    "type": "div",
  },
  Symbol(enzyme.__nodes__): Array [
    Object {
      "instance": null,
      "key": undefined,
      "nodeType": "host",
      "props": Object {
        "children": <sortableList
          axis="y"
          deleteTask={undefined}
          distance={0}
          getHelperDimensions={[Function]}
          hideSortableGhost={true}
          lockOffset="50%"
          lockToContainerEdges={false}
          onSortEnd={[Function]}
          pressDelay={0}
          pressThreshold={5}
          shouldCancelStart={[Function]}
          tasks={undefined}
          transitionDuration={300}
          useWindowAsScrollContainer={false}
/>,
        "className": "tasksArea",
      },
      "ref": null,
      "rendered": Object {
        "instance": null,
        "key": undefined,
        "nodeType": "class",
        "props": Object {
          "axis": "y",
          "deleteTask": undefined,
          "distance": 0,
          "getHelperDimensions": [Function],
          "hideSortableGhost": true,
          "lockOffset": "50%",
          "lockToContainerEdges": false,
          "onSortEnd": [Function],
          "pressDelay": 0,
          "pressThreshold": 5,
          "shouldCancelStart": [Function],
          "tasks": undefined,
          "transitionDuration": 300,
          "useWindowAsScrollContainer": false,
        },
        "ref": null,
        "rendered": null,
        "type": [Function],
      },
      "type": "div",
    },
  ],
  Symbol(enzyme.__options__): Object {
    "adapter": ReactSixteenAdapter {
      "options": Object {
        "enableComponentDidUpdateOnSetState": true,
      },
    },
  },
}
`;
