// Jest Snapshot v1, https://goo.gl/fbAQLP

exports[`LogIn should match snapshot with default state 1`] = `
ShallowWrapper {
  "length": 1,
  Symbol(enzyme.__root__): [Circular],
  Symbol(enzyme.__unrendered__): <LogIn />,
  Symbol(enzyme.__renderer__): Object {
    "batchedUpdates": [Function],
    "getNode": [Function],
    "render": [Function],
    "simulateEvent": [Function],
    "unmount": [Function],
  },
  Symbol(enzyme.__node__): Object {
    "instance": null,
    "key": undefined,
    "nodeType": "host",
    "props": Object {
      "children": Array [
        <div
          className="LogIn_tabs"
>
          <div
                    className="LogIn_tab LogIn_tab__active"
                    onClick={[Function]}
          >
                    <span>
                              Student
                    </span>
          </div>
          <div
                    className="LogIn_tab"
                    onClick={[Function]}
          >
                    <span>
                              Admin
                    </span>
          </div>
</div>,
        <form
          className="signIn authentication"
          onSubmit={[Function]}
>
          <input
                    onChange={[Function]}
                    placeholder="Email Address"
                    type="text"
                    value=""
          />
          <input
                    onChange={[Function]}
                    placeholder="Password"
                    type="password"
                    value=""
          />
          <button
                    disabled={true}
                    type="submit"
          >
                    Sign In
          </button>
</form>,
      ],
      "className": "LogIn",
    },
    "ref": null,
    "rendered": Array [
      Object {
        "instance": null,
        "key": undefined,
        "nodeType": "host",
        "props": Object {
          "children": Array [
            <div
              className="LogIn_tab LogIn_tab__active"
              onClick={[Function]}
>
              <span>
                            Student
              </span>
</div>,
            <div
              className="LogIn_tab"
              onClick={[Function]}
>
              <span>
                            Admin
              </span>
</div>,
          ],
          "className": "LogIn_tabs",
        },
        "ref": null,
        "rendered": Array [
          Object {
            "instance": null,
            "key": undefined,
            "nodeType": "host",
            "props": Object {
              "children": <span>
                Student
</span>,
              "className": "LogIn_tab LogIn_tab__active",
              "onClick": [Function],
            },
            "ref": null,
            "rendered": Object {
              "instance": null,
              "key": undefined,
              "nodeType": "host",
              "props": Object {
                "children": "Student",
              },
              "ref": null,
              "rendered": "Student",
              "type": "span",
            },
            "type": "div",
          },
          Object {
            "instance": null,
            "key": undefined,
            "nodeType": "host",
            "props": Object {
              "children": <span>
                Admin
</span>,
              "className": "LogIn_tab",
              "onClick": [Function],
            },
            "ref": null,
            "rendered": Object {
              "instance": null,
              "key": undefined,
              "nodeType": "host",
              "props": Object {
                "children": "Admin",
              },
              "ref": null,
              "rendered": "Admin",
              "type": "span",
            },
            "type": "div",
          },
        ],
        "type": "div",
      },
      Object {
        "instance": null,
        "key": undefined,
        "nodeType": "host",
        "props": Object {
          "children": Array [
            <input
              onChange={[Function]}
              placeholder="Email Address"
              type="text"
              value=""
/>,
            <input
              onChange={[Function]}
              placeholder="Password"
              type="password"
              value=""
/>,
            <button
              disabled={true}
              type="submit"
>
              Sign In
</button>,
          ],
          "className": "signIn authentication",
          "onSubmit": [Function],
        },
        "ref": null,
        "rendered": Array [
          Object {
            "instance": null,
            "key": undefined,
            "nodeType": "host",
            "props": Object {
              "onChange": [Function],
              "placeholder": "Email Address",
              "type": "text",
              "value": "",
            },
            "ref": null,
            "rendered": null,
            "type": "input",
          },
          Object {
            "instance": null,
            "key": undefined,
            "nodeType": "host",
            "props": Object {
              "onChange": [Function],
              "placeholder": "Password",
              "type": "password",
              "value": "",
            },
            "ref": null,
            "rendered": null,
            "type": "input",
          },
          Object {
            "instance": null,
            "key": undefined,
            "nodeType": "host",
            "props": Object {
              "children": "Sign In",
              "disabled": true,
              "type": "submit",
            },
            "ref": null,
            "rendered": "Sign In",
            "type": "button",
          },
        ],
        "type": "form",
      },
    ],
    "type": "div",
  },
  Symbol(enzyme.__nodes__): Array [
    Object {
      "instance": null,
      "key": undefined,
      "nodeType": "host",
      "props": Object {
        "children": Array [
          <div
            className="LogIn_tabs"
>
            <div
                        className="LogIn_tab LogIn_tab__active"
                        onClick={[Function]}
            >
                        <span>
                                    Student
                        </span>
            </div>
            <div
                        className="LogIn_tab"
                        onClick={[Function]}
            >
                        <span>
                                    Admin
                        </span>
            </div>
</div>,
          <form
            className="signIn authentication"
            onSubmit={[Function]}
>
            <input
                        onChange={[Function]}
                        placeholder="Email Address"
                        type="text"
                        value=""
            />
            <input
                        onChange={[Function]}
                        placeholder="Password"
                        type="password"
                        value=""
            />
            <button
                        disabled={true}
                        type="submit"
            >
                        Sign In
            </button>
</form>,
        ],
        "className": "LogIn",
      },
      "ref": null,
      "rendered": Array [
        Object {
          "instance": null,
          "key": undefined,
          "nodeType": "host",
          "props": Object {
            "children": Array [
              <div
                className="LogIn_tab LogIn_tab__active"
                onClick={[Function]}
>
                <span>
                                Student
                </span>
</div>,
              <div
                className="LogIn_tab"
                onClick={[Function]}
>
                <span>
                                Admin
                </span>
</div>,
            ],
            "className": "LogIn_tabs",
          },
          "ref": null,
          "rendered": Array [
            Object {
              "instance": null,
              "key": undefined,
              "nodeType": "host",
              "props": Object {
                "children": <span>
                  Student
</span>,
                "className": "LogIn_tab LogIn_tab__active",
                "onClick": [Function],
              },
              "ref": null,
              "rendered": Object {
                "instance": null,
                "key": undefined,
                "nodeType": "host",
                "props": Object {
                  "children": "Student",
                },
                "ref": null,
                "rendered": "Student",
                "type": "span",
              },
              "type": "div",
            },
            Object {
              "instance": null,
              "key": undefined,
              "nodeType": "host",
              "props": Object {
                "children": <span>
                  Admin
</span>,
                "className": "LogIn_tab",
                "onClick": [Function],
              },
              "ref": null,
              "rendered": Object {
                "instance": null,
                "key": undefined,
                "nodeType": "host",
                "props": Object {
                  "children": "Admin",
                },
                "ref": null,
                "rendered": "Admin",
                "type": "span",
              },
              "type": "div",
            },
          ],
          "type": "div",
        },
        Object {
          "instance": null,
          "key": undefined,
          "nodeType": "host",
          "props": Object {
            "children": Array [
              <input
                onChange={[Function]}
                placeholder="Email Address"
                type="text"
                value=""
/>,
              <input
                onChange={[Function]}
                placeholder="Password"
                type="password"
                value=""
/>,
              <button
                disabled={true}
                type="submit"
>
                Sign In
</button>,
            ],
            "className": "signIn authentication",
            "onSubmit": [Function],
          },
          "ref": null,
          "rendered": Array [
            Object {
              "instance": null,
              "key": undefined,
              "nodeType": "host",
              "props": Object {
                "onChange": [Function],
                "placeholder": "Email Address",
                "type": "text",
                "value": "",
              },
              "ref": null,
              "rendered": null,
              "type": "input",
            },
            Object {
              "instance": null,
              "key": undefined,
              "nodeType": "host",
              "props": Object {
                "onChange": [Function],
                "placeholder": "Password",
                "type": "password",
                "value": "",
              },
              "ref": null,
              "rendered": null,
              "type": "input",
            },
            Object {
              "instance": null,
              "key": undefined,
              "nodeType": "host",
              "props": Object {
                "children": "Sign In",
                "disabled": true,
                "type": "submit",
              },
              "ref": null,
              "rendered": "Sign In",
              "type": "button",
            },
          ],
          "type": "form",
        },
      ],
      "type": "div",
    },
  ],
  Symbol(enzyme.__options__): Object {
    "adapter": ReactSixteenAdapter {
      "options": Object {
        "enableComponentDidUpdateOnSetState": true,
      },
    },
  },
}
`;

exports[`LogIn should match snapshot with userbase of admin in state 1`] = `
ShallowWrapper {
  "length": 1,
  Symbol(enzyme.__root__): [Circular],
  Symbol(enzyme.__unrendered__): <LogIn />,
  Symbol(enzyme.__renderer__): Object {
    "batchedUpdates": [Function],
    "getNode": [Function],
    "render": [Function],
    "simulateEvent": [Function],
    "unmount": [Function],
  },
  Symbol(enzyme.__node__): Object {
    "instance": null,
    "key": undefined,
    "nodeType": "host",
    "props": Object {
      "children": Array [
        <div
          className="LogIn_tabs"
>
          <div
                    className="LogIn_tab"
                    onClick={[Function]}
          >
                    <span>
                              Student
                    </span>
          </div>
          <div
                    className="LogIn_tab LogIn_tab__active"
                    onClick={[Function]}
          >
                    <span>
                              Admin
                    </span>
          </div>
</div>,
        <form
          className="signIn authentication"
          onSubmit={[Function]}
>
          <input
                    onChange={[Function]}
                    placeholder="Email Address"
                    type="text"
                    value=""
          />
          <input
                    onChange={[Function]}
                    placeholder="Password"
                    type="password"
                    value=""
          />
          <button
                    disabled={true}
                    type="submit"
          >
                    Sign In
          </button>
</form>,
      ],
      "className": "LogIn",
    },
    "ref": null,
    "rendered": Array [
      Object {
        "instance": null,
        "key": undefined,
        "nodeType": "host",
        "props": Object {
          "children": Array [
            <div
              className="LogIn_tab"
              onClick={[Function]}
>
              <span>
                            Student
              </span>
</div>,
            <div
              className="LogIn_tab LogIn_tab__active"
              onClick={[Function]}
>
              <span>
                            Admin
              </span>
</div>,
          ],
          "className": "LogIn_tabs",
        },
        "ref": null,
        "rendered": Array [
          Object {
            "instance": null,
            "key": undefined,
            "nodeType": "host",
            "props": Object {
              "children": <span>
                Student
</span>,
              "className": "LogIn_tab",
              "onClick": [Function],
            },
            "ref": null,
            "rendered": Object {
              "instance": null,
              "key": undefined,
              "nodeType": "host",
              "props": Object {
                "children": "Student",
              },
              "ref": null,
              "rendered": "Student",
              "type": "span",
            },
            "type": "div",
          },
          Object {
            "instance": null,
            "key": undefined,
            "nodeType": "host",
            "props": Object {
              "children": <span>
                Admin
</span>,
              "className": "LogIn_tab LogIn_tab__active",
              "onClick": [Function],
            },
            "ref": null,
            "rendered": Object {
              "instance": null,
              "key": undefined,
              "nodeType": "host",
              "props": Object {
                "children": "Admin",
              },
              "ref": null,
              "rendered": "Admin",
              "type": "span",
            },
            "type": "div",
          },
        ],
        "type": "div",
      },
      Object {
        "instance": null,
        "key": undefined,
        "nodeType": "host",
        "props": Object {
          "children": Array [
            <input
              onChange={[Function]}
              placeholder="Email Address"
              type="text"
              value=""
/>,
            <input
              onChange={[Function]}
              placeholder="Password"
              type="password"
              value=""
/>,
            <button
              disabled={true}
              type="submit"
>
              Sign In
</button>,
          ],
          "className": "signIn authentication",
          "onSubmit": [Function],
        },
        "ref": null,
        "rendered": Array [
          Object {
            "instance": null,
            "key": undefined,
            "nodeType": "host",
            "props": Object {
              "onChange": [Function],
              "placeholder": "Email Address",
              "type": "text",
              "value": "",
            },
            "ref": null,
            "rendered": null,
            "type": "input",
          },
          Object {
            "instance": null,
            "key": undefined,
            "nodeType": "host",
            "props": Object {
              "onChange": [Function],
              "placeholder": "Password",
              "type": "password",
              "value": "",
            },
            "ref": null,
            "rendered": null,
            "type": "input",
          },
          Object {
            "instance": null,
            "key": undefined,
            "nodeType": "host",
            "props": Object {
              "children": "Sign In",
              "disabled": true,
              "type": "submit",
            },
            "ref": null,
            "rendered": "Sign In",
            "type": "button",
          },
        ],
        "type": "form",
      },
    ],
    "type": "div",
  },
  Symbol(enzyme.__nodes__): Array [
    Object {
      "instance": null,
      "key": undefined,
      "nodeType": "host",
      "props": Object {
        "children": Array [
          <div
            className="LogIn_tabs"
>
            <div
                        className="LogIn_tab"
                        onClick={[Function]}
            >
                        <span>
                                    Student
                        </span>
            </div>
            <div
                        className="LogIn_tab LogIn_tab__active"
                        onClick={[Function]}
            >
                        <span>
                                    Admin
                        </span>
            </div>
</div>,
          <form
            className="signIn authentication"
            onSubmit={[Function]}
>
            <input
                        onChange={[Function]}
                        placeholder="Email Address"
                        type="text"
                        value=""
            />
            <input
                        onChange={[Function]}
                        placeholder="Password"
                        type="password"
                        value=""
            />
            <button
                        disabled={true}
                        type="submit"
            >
                        Sign In
            </button>
</form>,
        ],
        "className": "LogIn",
      },
      "ref": null,
      "rendered": Array [
        Object {
          "instance": null,
          "key": undefined,
          "nodeType": "host",
          "props": Object {
            "children": Array [
              <div
                className="LogIn_tab"
                onClick={[Function]}
>
                <span>
                                Student
                </span>
</div>,
              <div
                className="LogIn_tab LogIn_tab__active"
                onClick={[Function]}
>
                <span>
                                Admin
                </span>
</div>,
            ],
            "className": "LogIn_tabs",
          },
          "ref": null,
          "rendered": Array [
            Object {
              "instance": null,
              "key": undefined,
              "nodeType": "host",
              "props": Object {
                "children": <span>
                  Student
</span>,
                "className": "LogIn_tab",
                "onClick": [Function],
              },
              "ref": null,
              "rendered": Object {
                "instance": null,
                "key": undefined,
                "nodeType": "host",
                "props": Object {
                  "children": "Student",
                },
                "ref": null,
                "rendered": "Student",
                "type": "span",
              },
              "type": "div",
            },
            Object {
              "instance": null,
              "key": undefined,
              "nodeType": "host",
              "props": Object {
                "children": <span>
                  Admin
</span>,
                "className": "LogIn_tab LogIn_tab__active",
                "onClick": [Function],
              },
              "ref": null,
              "rendered": Object {
                "instance": null,
                "key": undefined,
                "nodeType": "host",
                "props": Object {
                  "children": "Admin",
                },
                "ref": null,
                "rendered": "Admin",
                "type": "span",
              },
              "type": "div",
            },
          ],
          "type": "div",
        },
        Object {
          "instance": null,
          "key": undefined,
          "nodeType": "host",
          "props": Object {
            "children": Array [
              <input
                onChange={[Function]}
                placeholder="Email Address"
                type="text"
                value=""
/>,
              <input
                onChange={[Function]}
                placeholder="Password"
                type="password"
                value=""
/>,
              <button
                disabled={true}
                type="submit"
>
                Sign In
</button>,
            ],
            "className": "signIn authentication",
            "onSubmit": [Function],
          },
          "ref": null,
          "rendered": Array [
            Object {
              "instance": null,
              "key": undefined,
              "nodeType": "host",
              "props": Object {
                "onChange": [Function],
                "placeholder": "Email Address",
                "type": "text",
                "value": "",
              },
              "ref": null,
              "rendered": null,
              "type": "input",
            },
            Object {
              "instance": null,
              "key": undefined,
              "nodeType": "host",
              "props": Object {
                "onChange": [Function],
                "placeholder": "Password",
                "type": "password",
                "value": "",
              },
              "ref": null,
              "rendered": null,
              "type": "input",
            },
            Object {
              "instance": null,
              "key": undefined,
              "nodeType": "host",
              "props": Object {
                "children": "Sign In",
                "disabled": true,
                "type": "submit",
              },
              "ref": null,
              "rendered": "Sign In",
              "type": "button",
            },
          ],
          "type": "form",
        },
      ],
      "type": "div",
    },
  ],
  Symbol(enzyme.__options__): Object {
    "adapter": ReactSixteenAdapter {
      "options": Object {
        "enableComponentDidUpdateOnSetState": true,
      },
    },
  },
}
`;
